Serving HTTP on :: port 8765 (http://[::]:8765/) ...
::1 - - [17/Sep/2026 22:35:55] "HEAD /index.html HTTP/1.1" 200 -
::1 - - [17/Sep/2026 22:35:56] "HEAD /index.html HTTP/1.1" 200 -
::1 - - [17/Sep/2026 22:37:07] "GET /index.html HTTP/1.1" 200 -
::1 - - [17/Sep/2026 22:42:37] "GET /index.html HTTP/1.1" 304 -
::1 - - [17/Sep/2026 22:44:53] "GET /index.html HTTP/1.1" 200 -
::1 - - [17/Sep/2026 22:44:53] "GET /assets/texture-motionblur.jpg HTTP/1.1" 200 -
::1 - - [17/Sep/2026 22:44:53] "GET /assets/texture-scanline.jpg HTTP/1.1" 200 -
::1 - - [17/Sep/2026 22:44:53] "GET /assets/hero-vitruvian.jpg HTTP/1.1" 200 -
::1 - - [17/Sep/2026 22:44:53] "GET /assets/detail-coral.jpg HTTP/1.1" 200 -
::1 - - [17/Sep/2026 22:45:02] "GET /index.html HTTP/1.1" 200 -
::1 - - [17/Sep/2026 22:45:02] "GET /assets/texture-scanline.jpg HTTP/1.1" 200 -
::1 - - [17/Sep/2026 22:45:02] "GET /assets/hero-vitruvian.jpg HTTP/1.1" 200 -
::1 - - [17/Sep/2026 22:45:02] "GET /assets/texture-motionblur.jpg HTTP/1.1" 200 -
::1 - - [17/Sep/2026 22:45:02] "GET /assets/detail-coral.jpg HTTP/1.1" 200 -
::1 - - [17/Sep/2026 22:45:02] code 404, message File not found
::1 - - [17/Sep/2026 22:45:02] "GET /favicon.ico HTTP/1.1" 404 -
::1 - - [17/Sep/2026 22:47:39] "GET /index.html HTTP/1.1" 200 -
::1 - - [17/Sep/2026 22:47:39] "GET /assets/hero-vitruvian.jpg HTTP/1.1" 200 -
::1 - - [17/Sep/2026 22:47:46] "GET /index.html HTTP/1.1" 200 -
::1 - - [17/Sep/2026 22:47:46] "GET /assets/hero-vitruvian.jpg HTTP/1.1" 200 -
::1 - - [17/Sep/2026 22:47:46] code 404, message File not found
::1 - - [17/Sep/2026 22:47:46] "GET /favicon.ico HTTP/1.1" 404 -
::1 - - [17/Sep/2026 22:49:16] "GET /index.html HTTP/1.1" 200 -
::1 - - [17/Sep/2026 22:49:16] "GET /assets/hero-vitruvian.jpg HTTP/1.1" 200 -
::1 - - [17/Sep/2026 22:49:23] "GET /index.html HTTP/1.1" 200 -
::1 - - [17/Sep/2026 22:49:23] "GET /assets/hero-vitruvian.jpg HTTP/1.1" 200 -
::1 - - [17/Sep/2026 22:49:23] "GET /assets/bg-lowexposure.jpg HTTP/1.1" 200 -
::1 - - [17/Sep/2026 22:49:32] "GET /index.html HTTP/1.1" 200 -
::1 - - [17/Sep/2026 22:49:32] "GET /assets/bg-lowexposure.jpg HTTP/1.1" 200 -
::1 - - [17/Sep/2026 22:49:32] "GET /assets/hero-vitruvian.jpg HTTP/1.1" 200 -
::1 - - [17/Sep/2026 22:49:32] code 404, message File not found
::1 - - [17/Sep/2026 22:49:32] "GET /favicon.ico HTTP/1.1" 404 -
::1 - - [17/Sep/2026 22:51:22] "GET /index.html HTTP/1.1" 200 -
::1 - - [17/Sep/2026 22:51:22] "GET /assets/bg-lowexposure.jpg HTTP/1.1" 200 -
::1 - - [17/Sep/2026 22:51:22] "GET /assets/hero-vitruvian.jpg HTTP/1.1" 200 -
::1 - - [17/Sep/2026 22:51:41] "GET /index.html HTTP/1.1" 200 -
::1 - - [17/Sep/2026 22:51:41] "GET /fonts/Necosmic-PersonalUse.otf HTTP/1.1" 200 -
::1 - - [17/Sep/2026 22:51:41] "GET /assets/bg-lowexposure.jpg HTTP/1.1" 200 -
::1 - - [17/Sep/2026 22:51:41] "GET /assets/hero-vitruvian.jpg HTTP/1.1" 200 -
::1 - - [17/Sep/2026 22:51:42] "GET /index.html HTTP/1.1" 200 -
::1 - - [17/Sep/2026 22:51:42] "GET /fonts/BrigendsExpanded.otf HTTP/1.1" 200 -
::1 - - [17/Sep/2026 22:51:42] "GET /fonts/Necosmic-PersonalUse.otf HTTP/1.1" 200 -
::1 - - [17/Sep/2026 22:51:42] "GET /assets/bg-lowexposure.jpg HTTP/1.1" 200 -
::1 - - [17/Sep/2026 22:51:42] "GET /assets/hero-vitruvian.jpg HTTP/1.1" 200 -
::1 - - [17/Sep/2026 22:51:44] "GET /index.html HTTP/1.1" 200 -
::1 - - [17/Sep/2026 22:51:44] "GET /assets/bg-lowexposure.jpg HTTP/1.1" 200 -
::1 - - [17/Sep/2026 22:51:44] "GET /assets/hero-vitruvian.jpg HTTP/1.1" 200 -
::1 - - [17/Sep/2026 22:51:44] "GET /fonts/Necosmic-PersonalUse.otf HTTP/1.1" 200 -
::1 - - [17/Sep/2026 22:51:44] "GET /fonts/BrigendsExpanded.otf HTTP/1.1" 200 -
::1 - - [17/Sep/2026 22:51:44] "GET /fonts/Brunson.ttf HTTP/1.1" 200 -
::1 - - [17/Sep/2026 22:51:46] "GET /index.html HTTP/1.1" 200 -
::1 - - [17/Sep/2026 22:51:46] "GET /assets/bg-lowexposure.jpg HTTP/1.1" 200 -
::1 - - [17/Sep/2026 22:51:46] "GET /fonts/BrigendsExpanded.otf HTTP/1.1" 200 -
::1 - - [17/Sep/2026 22:51:46] "GET /fonts/Necosmic-PersonalUse.otf HTTP/1.1" 200 -
::1 - - [17/Sep/2026 22:51:46] "GET /fonts/Brunson.ttf HTTP/1.1" 200 -
::1 - - [17/Sep/2026 22:51:46] "GET /assets/hero-vitruvian.jpg HTTP/1.1" 200 -
::1 - - [17/Sep/2026 22:51:48] "GET /index.html HTTP/1.1" 200 -
::1 - - [17/Sep/2026 22:51:48] "GET /fonts/Necosmic-PersonalUse.otf HTTP/1.1" 200 -
::1 - - [17/Sep/2026 22:51:48] "GET /assets/bg-lowexposure.jpg HTTP/1.1" 200 -
::1 - - [17/Sep/2026 22:51:48] "GET /fonts/BrigendsExpanded.otf HTTP/1.1" 200 -
::1 - - [17/Sep/2026 22:51:48] "GET /fonts/Brunson.ttf HTTP/1.1" 200 -
::1 - - [17/Sep/2026 22:51:48] "GET /assets/hero-vitruvian.jpg HTTP/1.1" 200 -
::1 - - [17/Sep/2026 22:51:58] "GET /index.html HTTP/1.1" 200 -
::1 - - [17/Sep/2026 22:51:58] "GET /fonts/Necosmic-PersonalUse.otf HTTP/1.1" 200 -
::1 - - [17/Sep/2026 22:51:58] "GET /assets/bg-lowexposure.jpg HTTP/1.1" 200 -
::1 - - [17/Sep/2026 22:51:58] "GET /assets/hero-vitruvian.jpg HTTP/1.1" 200 -
::1 - - [17/Sep/2026 22:51:58] "GET /fonts/BrigendsExpanded.otf HTTP/1.1" 200 -
::1 - - [17/Sep/2026 22:51:58] "GET /fonts/Brunson.ttf HTTP/1.1" 200 -
::1 - - [17/Sep/2026 22:51:58] code 404, message File not found
::1 - - [17/Sep/2026 22:51:58] "GET /favicon.ico HTTP/1.1" 404 -
::1 - - [17/Sep/2026 22:53:12] "GET /index.html HTTP/1.1" 200 -
::1 - - [17/Sep/2026 22:53:12] "GET /assets/hero-vitruvian.jpg HTTP/1.1" 200 -
::1 - - [17/Sep/2026 22:53:12] "GET /assets/bg-lowexposure.jpg HTTP/1.1" 200 -
::1 - - [17/Sep/2026 22:53:12] "GET /fonts/Brunson.ttf HTTP/1.1" 200 -
::1 - - [17/Sep/2026 22:53:12] "GET /fonts/Necosmic-PersonalUse.otf HTTP/1.1" 200 -
::1 - - [17/Sep/2026 22:53:12] "GET /fonts/BrigendsExpanded.otf HTTP/1.1" 200 -
::1 - - [17/Sep/2026 22:53:12] code 404, message File not found
::1 - - [17/Sep/2026 22:53:12] "GET /favicon.ico HTTP/1.1" 404 -
::1 - - [17/Sep/2026 22:53:13] "GET /index.html HTTP/1.1" 304 -
::1 - - [17/Sep/2026 22:55:38] "GET /index.html HTTP/1.1" 200 -
::1 - - [17/Sep/2026 22:55:38] "GET /fonts/Brunson.ttf HTTP/1.1" 200 -
::1 - - [17/Sep/2026 22:55:38] "GET /fonts/Necosmic-PersonalUse.otf HTTP/1.1" 200 -
::1 - - [17/Sep/2026 22:55:38] "GET /fonts/BrigendsExpanded.otf HTTP/1.1" 200 -
::1 - - [17/Sep/2026 22:55:38] "GET /assets/hero-vitruvian.jpg HTTP/1.1" 200 -
::1 - - [17/Sep/2026 22:55:38] "GET /assets/bg-lowexposure.jpg HTTP/1.1" 200 -
::1 - - [17/Sep/2026 22:56:01] "GET /index.html HTTP/1.1" 200 -
::1 - - [17/Sep/2026 22:56:01] "GET /fonts/Necosmic-PersonalUse.otf HTTP/1.1" 200 -
::1 - - [17/Sep/2026 22:56:01] "GET /fonts/BrigendsExpanded.otf HTTP/1.1" 200 -
::1 - - [17/Sep/2026 22:56:01] "GET /fonts/Brunson.ttf HTTP/1.1" 200 -
::1 - - [17/Sep/2026 22:56:01] "GET /assets/bg-lowexposure.jpg HTTP/1.1" 200 -
::1 - - [17/Sep/2026 22:56:01] "GET /assets/hero-vitruvian.jpg HTTP/1.1" 200 -
::1 - - [17/Sep/2026 22:57:17] "GET /index.html HTTP/1.1" 200 -
::1 - - [17/Sep/2026 22:57:17] "GET /fonts/Necosmic-PersonalUse.otf HTTP/1.1" 200 -
::1 - - [17/Sep/2026 22:57:17] "GET /fonts/Brunson.ttf HTTP/1.1" 200 -
::1 - - [17/Sep/2026 22:57:17] "GET /fonts/BrigendsExpanded.otf HTTP/1.1" 200 -
::1 - - [17/Sep/2026 22:57:17] "GET /assets/hero-vitruvian.jpg HTTP/1.1" 200 -
::1 - - [17/Sep/2026 22:57:17] "GET /assets/bg-lowexposure.jpg HTTP/1.1" 200 -
::1 - - [17/Sep/2026 22:57:57] "GET /index.html HTTP/1.1" 200 -
::1 - - [17/Sep/2026 22:57:57] "GET /fonts/Necosmic-PersonalUse.otf HTTP/1.1" 200 -
::1 - - [17/Sep/2026 22:57:57] "GET /assets/bg-lowexposure.jpg HTTP/1.1" 200 -
::1 - - [17/Sep/2026 22:57:57] "GET /assets/hero-vitruvian.jpg HTTP/1.1" 200 -
::1 - - [17/Sep/2026 22:57:58] "GET /fonts/BrigendsExpanded.otf HTTP/1.1" 200 -
::1 - - [17/Sep/2026 22:57:58] "GET /fonts/Brunson.ttf HTTP/1.1" 200 -
::1 - - [17/Sep/2026 22:58:26] "GET /index.html HTTP/1.1" 200 -
::1 - - [17/Sep/2026 22:58:26] "GET /fonts/Necosmic-PersonalUse.otf HTTP/1.1" 200 -
::1 - - [17/Sep/2026 22:58:26] "GET /assets/bg-lowexposure.jpg HTTP/1.1" 200 -
::1 - - [17/Sep/2026 22:58:26] "GET /assets/hero-vitruvian.jpg HTTP/1.1" 200 -
::1 - - [17/Sep/2026 22:58:26] "GET /fonts/BrigendsExpanded.otf HTTP/1.1" 200 -
::1 - - [17/Sep/2026 22:58:26] "GET /fonts/Brunson.ttf HTTP/1.1" 200 -
::1 - - [17/Sep/2026 22:58:26] code 404, message File not found
::1 - - [17/Sep/2026 22:58:26] "GET /favicon.ico HTTP/1.1" 404 -
::1 - - [17/Sep/2026 22:58:27] "GET /index.html HTTP/1.1" 304 -
::1 - - [17/Sep/2026 23:00:37] "GET /index.html HTTP/1.1" 200 -
::1 - - [17/Sep/2026 23:00:37] "GET /fonts/BrigendsExpanded.otf HTTP/1.1" 200 -
::1 - - [17/Sep/2026 23:00:37] "GET /fonts/Necosmic-PersonalUse.otf HTTP/1.1" 200 -
::1 - - [17/Sep/2026 23:00:37] "GET /fonts/Brunson.ttf HTTP/1.1" 200 -
::1 - - [17/Sep/2026 23:00:37] "GET /assets/bg-lowexposure.jpg HTTP/1.1" 200 -
::1 - - [17/Sep/2026 23:00:37] "GET /assets/hero-vitruvian.jpg HTTP/1.1" 200 -
::1 - - [17/Sep/2026 23:01:02] "GET /index.html HTTP/1.1" 200 -
::1 - - [17/Sep/2026 23:01:02] "GET /assets/logo-weizmann.png HTTP/1.1" 200 -
::1 - - [17/Sep/2026 23:01:02] "GET /assets/bg-lowexposure.jpg HTTP/1.1" 200 -
::1 - - [17/Sep/2026 23:01:02] "GET /fonts/BrigendsExpanded.otf HTTP/1.1" 200 -
::1 - - [17/Sep/2026 23:01:02] "GET /fonts/Necosmic-PersonalUse.otf HTTP/1.1" 200 -
::1 - - [17/Sep/2026 23:01:02] "GET /fonts/Brunson.ttf HTTP/1.1" 200 -
::1 - - [17/Sep/2026 23:01:02] "GET /assets/hero-vitruvian.jpg HTTP/1.1" 200 -
::1 - - [17/Sep/2026 23:01:02] "GET /assets/bg-header.jpg HTTP/1.1" 200 -
::1 - - [17/Sep/2026 23:01:27] "GET /index.html HTTP/1.1" 200 -
::1 - - [17/Sep/2026 23:01:27] "GET /assets/logo-weizmann.png HTTP/1.1" 200 -
::1 - - [17/Sep/2026 23:01:27] "GET /assets/bg-header.jpg HTTP/1.1" 200 -
::1 - - [17/Sep/2026 23:01:27] "GET /assets/bg-lowexposure.jpg HTTP/1.1" 200 -
::1 - - [17/Sep/2026 23:01:27] "GET /assets/hero-vitruvian.jpg HTTP/1.1" 200 -
::1 - - [17/Sep/2026 23:01:27] "GET /fonts/BrigendsExpanded.otf HTTP/1.1" 200 -
::1 - - [17/Sep/2026 23:01:27] "GET /fonts/Necosmic-PersonalUse.otf HTTP/1.1" 200 -
::1 - - [17/Sep/2026 23:01:27] "GET /fonts/Brunson.ttf HTTP/1.1" 200 -
::1 - - [17/Sep/2026 23:01:27] code 404, message File not found
::1 - - [17/Sep/2026 23:01:27] "GET /favicon.ico HTTP/1.1" 404 -
::1 - - [17/Sep/2026 23:01:29] "GET /index.html HTTP/1.1" 304 -
::1 - - [17/Sep/2026 23:04:09] "GET /index.html HTTP/1.1" 200 -
::1 - - [17/Sep/2026 23:04:09] "GET /assets/logo-weizmann.png HTTP/1.1" 200 -
::1 - - [17/Sep/2026 23:04:09] "GET /assets/bg-lowexposure.jpg HTTP/1.1" 200 -
::1 - - [17/Sep/2026 23:04:09] "GET /assets/bg-header.jpg HTTP/1.1" 200 -
::1 - - [17/Sep/2026 23:04:09] "GET /fonts/Necosmic-PersonalUse.otf HTTP/1.1" 200 -
::1 - - [17/Sep/2026 23:04:09] "GET /fonts/BrigendsExpanded.otf HTTP/1.1" 200 -
::1 - - [17/Sep/2026 23:04:09] "GET /fonts/Brunson.ttf HTTP/1.1" 200 -
::1 - - [17/Sep/2026 23:04:09] "GET /assets/hero-vitruvian.jpg HTTP/1.1" 200 -
::1 - - [17/Sep/2026 23:04:10] "GET /index.html HTTP/1.1" 200 -
::1 - - [17/Sep/2026 23:04:10] "GET /assets/logo-weizmann.png HTTP/1.1" 200 -
::1 - - [17/Sep/2026 23:04:10] "GET /assets/bg-lowexposure.jpg HTTP/1.1" 200 -
::1 - - [17/Sep/2026 23:04:10] "GET /assets/bg-header.jpg HTTP/1.1" 200 -
::1 - - [17/Sep/2026 23:04:10] "GET /fonts/Necosmic-PersonalUse.otf HTTP/1.1" 200 -
::1 - - [17/Sep/2026 23:04:10] "GET /fonts/BrigendsExpanded.otf HTTP/1.1" 200 -
::1 - - [17/Sep/2026 23:04:10] "GET /fonts/Brunson.ttf HTTP/1.1" 200 -
::1 - - [17/Sep/2026 23:04:10] "GET /assets/hero-vitruvian.jpg HTTP/1.1" 200 -
::1 - - [17/Sep/2026 23:04:40] "GET /index.html HTTP/1.1" 200 -
::1 - - [17/Sep/2026 23:04:40] "GET /assets/logo-weizmann.png HTTP/1.1" 200 -
::1 - - [17/Sep/2026 23:04:40] "GET /assets/bg-lowexposure.jpg HTTP/1.1" 200 -
::1 - - [17/Sep/2026 23:04:40] "GET /assets/bg-header.jpg HTTP/1.1" 200 -
::1 - - [17/Sep/2026 23:04:40] "GET /fonts/Necosmic-PersonalUse.otf HTTP/1.1" 200 -
::1 - - [17/Sep/2026 23:04:40] "GET /fonts/BrigendsExpanded.otf HTTP/1.1" 200 -
::1 - - [17/Sep/2026 23:04:40] "GET /fonts/SpaceArmor.otf HTTP/1.1" 200 -
::1 - - [17/Sep/2026 23:04:40] "GET /fonts/Brunson.ttf HTTP/1.1" 200 -
::1 - - [17/Sep/2026 23:04:40] "GET /assets/hero-vitruvian.jpg HTTP/1.1" 200 -
::1 - - [17/Sep/2026 23:04:42] "GET /index.html HTTP/1.1" 200 -
::1 - - [17/Sep/2026 23:04:42] "GET /assets/logo-weizmann.png HTTP/1.1" 200 -
::1 - - [17/Sep/2026 23:04:42] "GET /fonts/NulshockBd.otf HTTP/1.1" 200 -
::1 - - [17/Sep/2026 23:04:42] "GET /fonts/Necosmic-PersonalUse.otf HTTP/1.1" 200 -
::1 - - [17/Sep/2026 23:04:42] "GET /fonts/BrigendsExpanded.otf HTTP/1.1" 200 -
::1 - - [17/Sep/2026 23:04:42] "GET /fonts/SpaceArmor.otf HTTP/1.1" 200 -
::1 - - [17/Sep/2026 23:04:42] "GET /fonts/Brunson.ttf HTTP/1.1" 200 -
::1 - - [17/Sep/2026 23:04:42] "GET /assets/bg-lowexposure.jpg HTTP/1.1" 200 -
::1 - - [17/Sep/2026 23:04:42] "GET /assets/bg-header.jpg HTTP/1.1" 200 -
::1 - - [17/Sep/2026 23:04:42] "GET /assets/hero-vitruvian.jpg HTTP/1.1" 200 -
::1 - - [17/Sep/2026 23:05:05] "GET /index.html HTTP/1.1" 200 -
::1 - - [17/Sep/2026 23:05:05] "GET /assets/logo-weizmann.png HTTP/1.1" 200 -
::1 - - [17/Sep/2026 23:05:05] "GET /fonts/Necosmic-PersonalUse.otf HTTP/1.1" 200 -
::1 - - [17/Sep/2026 23:05:05] "GET /fonts/Brunson.ttf HTTP/1.1" 200 -
::1 - - [17/Sep/2026 23:05:05] "GET /fonts/BrigendsExpanded.otf HTTP/1.1" 200 -
::1 - - [17/Sep/2026 23:05:05] "GET /fonts/SpaceArmor.otf HTTP/1.1" 200 -
::1 - - [17/Sep/2026 23:05:05] "GET /fonts/NulshockBd.otf HTTP/1.1" 200 -
::1 - - [17/Sep/2026 23:05:05] "GET /assets/bg-lowexposure.jpg HTTP/1.1" 200 -
::1 - - [17/Sep/2026 23:05:05] "GET /assets/bg-header.jpg HTTP/1.1" 200 -
::1 - - [17/Sep/2026 23:05:05] "GET /assets/hero-vitruvian.jpg HTTP/1.1" 200 -
::1 - - [17/Sep/2026 23:05:31] "GET /index.html HTTP/1.1" 200 -
::1 - - [17/Sep/2026 23:05:31] "GET /assets/logo-weizmann.png HTTP/1.1" 200 -
::1 - - [17/Sep/2026 23:05:31] "GET /assets/hero-vitruvian.jpg HTTP/1.1" 200 -
::1 - - [17/Sep/2026 23:05:31] "GET /assets/bg-lowexposure.jpg HTTP/1.1" 200 -
::1 - - [17/Sep/2026 23:05:31] "GET /assets/bg-header.jpg HTTP/1.1" 200 -
::1 - - [17/Sep/2026 23:05:31] "GET /fonts/BrigendsExpanded.otf HTTP/1.1" 200 -
::1 - - [17/Sep/2026 23:05:31] "GET /fonts/Necosmic-PersonalUse.otf HTTP/1.1" 200 -
::1 - - [17/Sep/2026 23:05:31] "GET /fonts/SpaceArmor.otf HTTP/1.1" 200 -
::1 - - [17/Sep/2026 23:05:31] "GET /fonts/Brunson.ttf HTTP/1.1" 200 -
::1 - - [17/Sep/2026 23:05:31] "GET /fonts/NulshockBd.otf HTTP/1.1" 200 -
::1 - - [17/Sep/2026 23:05:31] code 404, message File not found
::1 - - [17/Sep/2026 23:05:31] "GET /favicon.ico HTTP/1.1" 404 -
::1 - - [17/Sep/2026 23:05:33] "GET /index.html HTTP/1.1" 304 -
::1 - - [17/Sep/2026 23:08:05] "GET /index.html HTTP/1.1" 200 -
::1 - - [17/Sep/2026 23:08:05] "GET /assets/logo-weizmann.png HTTP/1.1" 200 -
::1 - - [17/Sep/2026 23:08:05] "GET /fonts/SpaceArmor.otf HTTP/1.1" 200 -
::1 - - [17/Sep/2026 23:08:05] "GET /fonts/BrigendsExpanded.otf HTTP/1.1" 200 -
::1 - - [17/Sep/2026 23:08:05] "GET /fonts/NulshockBd.otf HTTP/1.1" 200 -
::1 - - [17/Sep/2026 23:08:05] "GET /assets/bg-lowexposure.jpg HTTP/1.1" 200 -
::1 - - [17/Sep/2026 23:08:05] "GET /fonts/Necosmic-PersonalUse.otf HTTP/1.1" 200 -
::1 - - [17/Sep/2026 23:08:05] "GET /fonts/Brunson.ttf HTTP/1.1" 200 -
::1 - - [17/Sep/2026 23:08:05] "GET /assets/hero-vitruvian.jpg HTTP/1.1" 200 -
::1 - - [17/Sep/2026 23:08:05] "GET /assets/bg-header.jpg HTTP/1.1" 200 -
::1 - - [17/Sep/2026 23:08:11] "GET /index.html HTTP/1.1" 200 -
::1 - - [17/Sep/2026 23:08:11] "GET /assets/bg-header.jpg HTTP/1.1" 200 -
::1 - - [17/Sep/2026 23:08:11] "GET /assets/logo-weizmann.png HTTP/1.1" 200 -
::1 - - [17/Sep/2026 23:08:11] "GET /assets/bg-lowexposure.jpg HTTP/1.1" 200 -
::1 - - [17/Sep/2026 23:08:11] "GET /assets/hero-vitruvian.jpg HTTP/1.1" 200 -
::1 - - [17/Sep/2026 23:08:11] "GET /fonts/Necosmic-PersonalUse.otf HTTP/1.1" 200 -
::1 - - [17/Sep/2026 23:08:11] "GET /fonts/Brunson.ttf HTTP/1.1" 200 -
::1 - - [17/Sep/2026 23:08:11] "GET /fonts/BrigendsExpanded.otf HTTP/1.1" 200 -
::1 - - [17/Sep/2026 23:08:11] "GET /fonts/SpaceArmor.otf HTTP/1.1" 200 -
::1 - - [17/Sep/2026 23:08:11] "GET /fonts/NulshockBd.otf HTTP/1.1" 200 -
::1 - - [17/Sep/2026 23:08:11] code 404, message File not found
::1 - - [17/Sep/2026 23:08:11] "GET /favicon.ico HTTP/1.1" 404 -
::1 - - [17/Sep/2026 23:08:13] "GET /index.html HTTP/1.1" 304 -
::1 - - [17/Sep/2026 23:08:29] "GET /index.html HTTP/1.1" 200 -
::1 - - [17/Sep/2026 23:08:29] "GET /assets/logo-weizmann.png HTTP/1.1" 200 -
::1 - - [17/Sep/2026 23:08:29] "GET /fonts/Necosmic-PersonalUse.otf HTTP/1.1" 200 -
::1 - - [17/Sep/2026 23:08:29] "GET /fonts/NulshockBd.otf HTTP/1.1" 200 -
::1 - - [17/Sep/2026 23:08:29] "GET /fonts/BrigendsExpanded.otf HTTP/1.1" 200 -
::1 - - [17/Sep/2026 23:08:29] "GET /assets/bg-lowexposure.jpg HTTP/1.1" 200 -
::1 - - [17/Sep/2026 23:08:29] "GET /fonts/Brunson.ttf HTTP/1.1" 200 -
::1 - - [17/Sep/2026 23:08:29] "GET /assets/bg-header.jpg HTTP/1.1" 200 -
::1 - - [17/Sep/2026 23:08:29] "GET /assets/hero-vitruvian.jpg HTTP/1.1" 200 -
::1 - - [17/Sep/2026 23:08:36] "GET /index.html HTTP/1.1" 200 -
::1 - - [17/Sep/2026 23:08:36] "GET /assets/bg-lowexposure.jpg HTTP/1.1" 200 -
::1 - - [17/Sep/2026 23:08:36] "GET /assets/logo-weizmann.png HTTP/1.1" 200 -
::1 - - [17/Sep/2026 23:08:36] "GET /assets/bg-header.jpg HTTP/1.1" 200 -
::1 - - [17/Sep/2026 23:08:36] "GET /assets/hero-vitruvian.jpg HTTP/1.1" 200 -
::1 - - [17/Sep/2026 23:08:36] "GET /fonts/BrigendsExpanded.otf HTTP/1.1" 200 -
::1 - - [17/Sep/2026 23:08:36] "GET /fonts/Brunson.ttf HTTP/1.1" 200 -
::1 - - [17/Sep/2026 23:08:36] "GET /fonts/Necosmic-PersonalUse.otf HTTP/1.1" 200 -
::1 - - [17/Sep/2026 23:08:36] "GET /fonts/NulshockBd.otf HTTP/1.1" 200 -
::1 - - [17/Sep/2026 23:08:36] code 404, message File not found
::1 - - [17/Sep/2026 23:08:36] "GET /favicon.ico HTTP/1.1" 404 -
::1 - - [17/Sep/2026 23:08:38] "GET /index.html HTTP/1.1" 304 -
::1 - - [17/Sep/2026 23:08:51] "GET /index.html HTTP/1.1" 200 -
::1 - - [17/Sep/2026 23:08:51] "GET /assets/logo-weizmann.png HTTP/1.1" 200 -
::1 - - [17/Sep/2026 23:08:52] "GET /fonts/Necosmic-PersonalUse.otf HTTP/1.1" 200 -
::1 - - [17/Sep/2026 23:08:52] "GET /fonts/NulshockBd.otf HTTP/1.1" 200 -
::1 - - [17/Sep/2026 23:08:52] "GET /fonts/BrigendsExpanded.otf HTTP/1.1" 200 -
::1 - - [17/Sep/2026 23:08:52] "GET /fonts/Brunson.ttf HTTP/1.1" 200 -
::1 - - [17/Sep/2026 23:08:52] "GET /assets/bg-lowexposure.jpg HTTP/1.1" 200 -
::1 - - [17/Sep/2026 23:08:52] "GET /assets/bg-header.jpg HTTP/1.1" 200 -
::1 - - [17/Sep/2026 23:08:52] "GET /assets/hero-vitruvian.jpg HTTP/1.1" 200 -
::1 - - [17/Sep/2026 23:08:53] "GET /index.html HTTP/1.1" 200 -
::1 - - [17/Sep/2026 23:08:53] "GET /assets/logo-weizmann.png HTTP/1.1" 200 -
::1 - - [17/Sep/2026 23:08:53] "GET /fonts/Necosmic-PersonalUse.otf HTTP/1.1" 200 -
::1 - - [17/Sep/2026 23:08:53] "GET /fonts/NulshockBd.otf HTTP/1.1" 200 -
::1 - - [17/Sep/2026 23:08:53] "GET /fonts/BrigendsExpanded.otf HTTP/1.1" 200 -
::1 - - [17/Sep/2026 23:08:53] "GET /fonts/Brunson.ttf HTTP/1.1" 200 -
::1 - - [17/Sep/2026 23:08:53] "GET /assets/bg-header.jpg HTTP/1.1" 200 -
::1 - - [17/Sep/2026 23:08:53] "GET /assets/bg-lowexposure.jpg HTTP/1.1" 200 -
::1 - - [17/Sep/2026 23:08:53] "GET /assets/hero-vitruvian.jpg HTTP/1.1" 200 -
::1 - - [17/Sep/2026 23:09:10] "GET /index.html HTTP/1.1" 200 -
::1 - - [17/Sep/2026 23:09:10] "GET /assets/logo-weizmann.png HTTP/1.1" 200 -
::1 - - [17/Sep/2026 23:09:10] "GET /assets/bg-lowexposure.jpg HTTP/1.1" 200 -
::1 - - [17/Sep/2026 23:09:10] "GET /assets/bg-header.jpg HTTP/1.1" 200 -
::1 - - [17/Sep/2026 23:09:10] "GET /fonts/BrigendsExpanded.otf HTTP/1.1" 200 -
::1 - - [17/Sep/2026 23:09:10] "GET /fonts/Necosmic-PersonalUse.otf HTTP/1.1" 200 -
::1 - - [17/Sep/2026 23:09:10] "GET /assets/hero-vitruvian.jpg HTTP/1.1" 200 -
::1 - - [17/Sep/2026 23:09:10] "GET /fonts/NulshockBd.otf HTTP/1.1" 200 -
::1 - - [17/Sep/2026 23:09:10] "GET /fonts/Brunson.ttf HTTP/1.1" 200 -
::1 - - [17/Sep/2026 23:09:10] code 404, message File not found
::1 - - [17/Sep/2026 23:09:10] "GET /favicon.ico HTTP/1.1" 404 -
::1 - - [17/Sep/2026 23:09:11] "GET /index.html HTTP/1.1" 304 -
::1 - - [17/Sep/2026 23:09:19] "GET /index.html HTTP/1.1" 200 -
::1 - - [17/Sep/2026 23:09:19] "GET /assets/logo-weizmann.png HTTP/1.1" 200 -
::1 - - [17/Sep/2026 23:09:19] "GET /fonts/Brunson.ttf HTTP/1.1" 200 -
::1 - - [17/Sep/2026 23:09:19] "GET /fonts/NulshockBd.otf HTTP/1.1" 200 -
::1 - - [17/Sep/2026 23:09:19] "GET /fonts/Necosmic-PersonalUse.otf HTTP/1.1" 200 -
::1 - - [17/Sep/2026 23:09:19] "GET /fonts/BrigendsExpanded.otf HTTP/1.1" 200 -
::1 - - [17/Sep/2026 23:09:19] "GET /assets/bg-lowexposure.jpg HTTP/1.1" 200 -
::1 - - [17/Sep/2026 23:09:19] "GET /assets/bg-header.jpg HTTP/1.1" 200 -
::1 - - [17/Sep/2026 23:09:19] "GET /assets/hero-vitruvian.jpg HTTP/1.1" 200 -
::1 - - [17/Sep/2026 23:09:24] "GET /index.html HTTP/1.1" 200 -
::1 - - [17/Sep/2026 23:09:24] "GET /assets/logo-weizmann.png HTTP/1.1" 304 -
::1 - - [17/Sep/2026 23:09:25] "GET /index.html HTTP/1.1" 304 -
::1 - - [17/Sep/2026 23:09:39] "GET /index.html HTTP/1.1" 200 -
::1 - - [17/Sep/2026 23:09:39] "GET /assets/logo-weizmann.png HTTP/1.1" 200 -
::1 - - [17/Sep/2026 23:09:39] "GET /fonts/NulshockBd.otf HTTP/1.1" 200 -
::1 - - [17/Sep/2026 23:09:39] "GET /fonts/BrigendsExpanded.otf HTTP/1.1" 200 -
::1 - - [17/Sep/2026 23:09:39] "GET /fonts/Necosmic-PersonalUse.otf HTTP/1.1" 200 -
::1 - - [17/Sep/2026 23:09:39] "GET /fonts/Brunson.ttf HTTP/1.1" 200 -
::1 - - [17/Sep/2026 23:09:39] "GET /assets/bg-lowexposure.jpg HTTP/1.1" 200 -
::1 - - [17/Sep/2026 23:09:39] "GET /assets/bg-header.jpg HTTP/1.1" 200 -
::1 - - [17/Sep/2026 23:09:39] "GET /assets/hero-vitruvian.jpg HTTP/1.1" 200 -
::1 - - [17/Sep/2026 23:09:41] "GET /index.html HTTP/1.1" 200 -
::1 - - [17/Sep/2026 23:09:41] "GET /assets/logo-weizmann.png HTTP/1.1" 200 -
::1 - - [17/Sep/2026 23:09:41] "GET /assets/bg-lowexposure.jpg HTTP/1.1" 200 -
::1 - - [17/Sep/2026 23:09:41] "GET /fonts/Necosmic-PersonalUse.otf HTTP/1.1" 200 -
::1 - - [17/Sep/2026 23:09:41] "GET /fonts/BrigendsExpanded.otf HTTP/1.1" 200 -
::1 - - [17/Sep/2026 23:09:41] "GET /fonts/NulshockBd.otf HTTP/1.1" 200 -
::1 - - [17/Sep/2026 23:09:41] "GET /fonts/Brunson.ttf HTTP/1.1" 200 -
::1 - - [17/Sep/2026 23:09:41] "GET /assets/bg-header.jpg HTTP/1.1" 200 -
::1 - - [17/Sep/2026 23:09:41] "GET /assets/hero-vitruvian.jpg HTTP/1.1" 200 -
::1 - - [17/Sep/2026 23:09:47] "GET /index.html HTTP/1.1" 200 -
::1 - - [17/Sep/2026 23:09:47] "GET /assets/bg-header.jpg HTTP/1.1" 200 -
::1 - - [17/Sep/2026 23:09:47] "GET /assets/bg-lowexposure.jpg HTTP/1.1" 200 -
::1 - - [17/Sep/2026 23:09:47] "GET /assets/logo-weizmann.png HTTP/1.1" 200 -
::1 - - [17/Sep/2026 23:09:47] "GET /assets/hero-vitruvian.jpg HTTP/1.1" 200 -
::1 - - [17/Sep/2026 23:09:47] "GET /fonts/BrigendsExpanded.otf HTTP/1.1" 200 -
::1 - - [17/Sep/2026 23:09:47] "GET /fonts/Brunson.ttf HTTP/1.1" 200 -
::1 - - [17/Sep/2026 23:09:47] "GET /fonts/Necosmic-PersonalUse.otf HTTP/1.1" 200 -
::1 - - [17/Sep/2026 23:09:47] "GET /fonts/NulshockBd.otf HTTP/1.1" 200 -
::1 - - [17/Sep/2026 23:09:47] code 404, message File not found
::1 - - [17/Sep/2026 23:09:47] "GET /favicon.ico HTTP/1.1" 404 -
::1 - - [17/Sep/2026 23:09:48] "GET /index.html HTTP/1.1" 304 -
::1 - - [17/Sep/2026 23:10:51] "GET /index.html HTTP/1.1" 200 -
::1 - - [17/Sep/2026 23:10:51] "GET /assets/logo-weizmann.png HTTP/1.1" 200 -
::1 - - [17/Sep/2026 23:10:51] "GET /fonts/Necosmic-PersonalUse.otf HTTP/1.1" 200 -
::1 - - [17/Sep/2026 23:10:51] "GET /fonts/BrigendsExpanded.otf HTTP/1.1" 200 -
::1 - - [17/Sep/2026 23:10:51] "GET /fonts/NulshockBd.otf HTTP/1.1" 200 -
::1 - - [17/Sep/2026 23:10:51] "GET /fonts/Brunson.ttf HTTP/1.1" 200 -
::1 - - [17/Sep/2026 23:10:51] "GET /assets/bg-lowexposure.jpg HTTP/1.1" 200 -
::1 - - [17/Sep/2026 23:10:51] "GET /assets/bg-header.jpg HTTP/1.1" 200 -
::1 - - [17/Sep/2026 23:10:51] "GET /assets/hero-vitruvian.jpg HTTP/1.1" 200 -
::1 - - [17/Sep/2026 23:10:53] "GET /index.html HTTP/1.1" 200 -
::1 - - [17/Sep/2026 23:10:53] "GET /assets/logo-weizmann.png HTTP/1.1" 200 -
::1 - - [17/Sep/2026 23:10:53] "GET /fonts/NulshockBd.otf HTTP/1.1" 200 -
::1 - - [17/Sep/2026 23:10:53] "GET /fonts/Necosmic-PersonalUse.otf HTTP/1.1" 200 -
::1 - - [17/Sep/2026 23:10:53] "GET /fonts/BrigendsExpanded.otf HTTP/1.1" 200 -
::1 - - [17/Sep/2026 23:10:53] "GET /fonts/Brunson.ttf HTTP/1.1" 200 -
::1 - - [17/Sep/2026 23:10:53] "GET /assets/bg-lowexposure.jpg HTTP/1.1" 200 -
::1 - - [17/Sep/2026 23:10:53] "GET /assets/bg-header.jpg HTTP/1.1" 200 -
::1 - - [17/Sep/2026 23:10:53] "GET /assets/hero-vitruvian.jpg HTTP/1.1" 200 -
::1 - - [17/Sep/2026 23:11:00] "GET /index.html HTTP/1.1" 200 -
::1 - - [17/Sep/2026 23:11:00] "GET /assets/logo-weizmann.png HTTP/1.1" 200 -
::1 - - [17/Sep/2026 23:11:00] "GET /assets/bg-header.jpg HTTP/1.1" 200 -
::1 - - [17/Sep/2026 23:11:00] "GET /assets/bg-lowexposure.jpg HTTP/1.1" 200 -
::1 - - [17/Sep/2026 23:11:00] "GET /assets/hero-vitruvian.jpg HTTP/1.1" 200 -
::1 - - [17/Sep/2026 23:11:00] "GET /fonts/Brunson.ttf HTTP/1.1" 200 -
::1 - - [17/Sep/2026 23:11:00] "GET /fonts/BrigendsExpanded.otf HTTP/1.1" 200 -
::1 - - [17/Sep/2026 23:11:00] "GET /fonts/Necosmic-PersonalUse.otf HTTP/1.1" 200 -
::1 - - [17/Sep/2026 23:11:00] "GET /fonts/NulshockBd.otf HTTP/1.1" 200 -
::1 - - [17/Sep/2026 23:11:00] code 404, message File not found
::1 - - [17/Sep/2026 23:11:00] "GET /favicon.ico HTTP/1.1" 404 -
::1 - - [17/Sep/2026 23:11:01] "GET /index.html HTTP/1.1" 304 -
::1 - - [17/Sep/2026 23:11:32] "GET /index.html HTTP/1.1" 200 -
::1 - - [17/Sep/2026 23:11:32] "GET /assets/bg-lowexposure.jpg HTTP/1.1" 200 -
::1 - - [17/Sep/2026 23:11:32] "GET /assets/logo-weizmann.png HTTP/1.1" 200 -
::1 - - [17/Sep/2026 23:11:32] "GET /assets/hero-vitruvian.jpg HTTP/1.1" 200 -
::1 - - [17/Sep/2026 23:11:32] "GET /assets/bg-header.jpg HTTP/1.1" 200 -
::1 - - [17/Sep/2026 23:11:32] "GET /fonts/Necosmic-PersonalUse.otf HTTP/1.1" 200 -
::1 - - [17/Sep/2026 23:11:32] "GET /fonts/BrigendsExpanded.otf HTTP/1.1" 200 -
::1 - - [17/Sep/2026 23:11:32] "GET /fonts/NulshockBd.otf HTTP/1.1" 200 -
::1 - - [17/Sep/2026 23:11:32] "GET /fonts/Brunson.ttf HTTP/1.1" 200 -
::1 - - [17/Sep/2026 23:11:32] code 404, message File not found
::1 - - [17/Sep/2026 23:11:32] "GET /favicon.ico HTTP/1.1" 404 -
::1 - - [17/Sep/2026 23:12:38] "GET /index.html HTTP/1.1" 304 -
::1 - - [17/Sep/2026 23:12:38] "GET /fonts/NulshockBd.otf HTTP/1.1" 304 -
::1 - - [17/Sep/2026 23:12:38] "GET /assets/logo-weizmann.png HTTP/1.1" 200 -
::1 - - [17/Sep/2026 23:12:39] "GET /index.html HTTP/1.1" 304 -
::1 - - [17/Sep/2026 23:12:39] "GET /assets/logo-weizmann.png HTTP/1.1" 304 -
